============================================================
TC1  简历A(产品经理) / 业务面 / 3轮 + 结束
  [diagnose] 非空分支? 含'弱点'或'策略': True | 首句: 以下是针对该简历的分析与建议：  ### 1. 最明显3个弱点 - **结果量化
  [start] 开场含[打分]? (应False): False | 首问: 请先做简短自我介绍，并说说你为什么想做产品经理？
  [answer1] round=1 打分=5 弱点=['逻辑结构化', '数据分析']
  [answer2] round=2 打分=3 弱点=['项目深度', '抗压能力']
  [answer3] round=3 打分=1 弱点=['项目深度', '抗压能力', '逻辑结构化']
  [end] finished: True | 总评长度: 285
============================================================
TC2  简历B(后端) / 压力面 / 2轮
  [answer1] 打分=5 弱点=['数据分析', '抗压能力']
  [answer2] 打分=3 弱点=['抗压能力', '自我认知']
============================================================
TC3  简历C(转行) / HR面 / diagnose+start
  [diagnose C] 非空分支首句: 基于你的背景，以下是针对性分析：  **1. 最明显3个弱点** - **数据颗粒度粗**：仅展示“
  [start C] HR面首问: 请先做简短自我介绍，并说说你为什么想做产品经理？
============================================================
TC4  简历E(空简历<80字) / diagnose 策略分支
  [diagnose E] 走零经验策略分支? 含'零经验'或'策略': False
  [diagnose E] 首句: **1. 高频问题+回答方向**   - “你为什么想做产品经理？” → 结合个人经历（如校园项目、课程设计）体现用户思
============================================================
TC5  历史汇总
  total: 1
  top_weak: [('逻辑结构化', 1, 100), ('项目深度', 1, 100), ('抗压能力', 1, 100), ('数据分析', 1, 100)]
  score_trend: [3.0]

=== 全部测试用例执行完毕 ===
